------------------------------------------------------------
Timing Analyzer Summary
------------------------------------------------------------

Type  : Slow 1200mV 85C Model Setup 'divfreq:DF0|clk1hz'
Slack : -16.542
TNS   : -4387.229

Type  : Slow 1200mV 85C Model Setup 'clk'
Slack : -6.052
TNS   : -362.440

Type  : Slow 1200mV 85C Model Setup 'message[2]'
Slack : -5.297
TNS   : -746.802

Type  : Slow 1200mV 85C Model Setup 'lecturateclado:T0|barrido:R1|filas[0]'
Slack : -5.056
TNS   : -19.587

Type  : Slow 1200mV 85C Model Setup 'asignar:A0|pasignado[0]'
Slack : -1.994
TNS   : -3.952

Type  : Slow 1200mV 85C Model Setup 'lecturateclado:T0|divfreq:F1|clk1hz'
Slack : -0.519
TNS   : -1.685

Type  : Slow 1200mV 85C Model Hold 'message[2]'
Slack : 0.175
TNS   : 0.000

Type  : Slow 1200mV 85C Model Hold 'divfreq:DF0|clk1hz'
Slack : 0.432
TNS   : 0.000

Type  : Slow 1200mV 85C Model Hold 'clk'
Slack : 0.453
TNS   : 0.000

Type  : Slow 1200mV 85C Model Hold 'lecturateclado:T0|divfreq:F1|clk1hz'
Slack : 0.454
TNS   : 0.000

Type  : Slow 1200mV 85C Model Hold 'lecturateclado:T0|barrido:R1|filas[0]'
Slack : 0.785
TNS   : 0.000

Type  : Slow 1200mV 85C Model Hold 'asignar:A0|pasignado[0]'
Slack : 1.134
TNS   : 0.000

Type  : Slow 1200mV 85C Model Recovery 'clk'
Slack : -1.550
TNS   : -55.902

Type  : Slow 1200mV 85C Model Removal 'clk'
Slack : 1.092
TNS   : 0.000

Type  : Slow 1200mV 85C Model Minimum Pulse Width 'clk'
Slack : -3.000
TNS   : -169.544

Type  : Slow 1200mV 85C Model Minimum Pulse Width 'divfreq:DF0|clk1hz'
Slack : -1.487
TNS   : -587.365

Type  : Slow 1200mV 85C Model Minimum Pulse Width 'lecturateclado:T0|divfreq:F1|clk1hz'
Slack : -1.487
TNS   : -8.922

Type  : Slow 1200mV 85C Model Minimum Pulse Width 'asignar:A0|pasignado[0]'
Slack : 0.303
TNS   : 0.000

Type  : Slow 1200mV 85C Model Minimum Pulse Width 'lecturateclado:T0|barrido:R1|filas[0]'
Slack : 0.386
TNS   : 0.000

Type  : Slow 1200mV 85C Model Minimum Pulse Width 'message[2]'
Slack : 0.394
TNS   : 0.000

Type  : Slow 1200mV 0C Model Setup 'divfreq:DF0|clk1hz'
Slack : -15.281
TNS   : -4089.122

Type  : Slow 1200mV 0C Model Setup 'clk'
Slack : -5.599
TNS   : -332.215

Type  : Slow 1200mV 0C Model Setup 'message[2]'
Slack : -5.058
TNS   : -718.324

Type  : Slow 1200mV 0C Model Setup 'lecturateclado:T0|barrido:R1|filas[0]'
Slack : -5.013
TNS   : -19.320

Type  : Slow 1200mV 0C Model Setup 'asignar:A0|pasignado[0]'
Slack : -1.926
TNS   : -3.669

Type  : Slow 1200mV 0C Model Setup 'lecturateclado:T0|divfreq:F1|clk1hz'
Slack : -0.303
TNS   : -0.916

Type  : Slow 1200mV 0C Model Hold 'message[2]'
Slack : 0.034
TNS   : 0.000

Type  : Slow 1200mV 0C Model Hold 'divfreq:DF0|clk1hz'
Slack : 0.382
TNS   : 0.000

Type  : Slow 1200mV 0C Model Hold 'clk'
Slack : 0.402
TNS   : 0.000

Type  : Slow 1200mV 0C Model Hold 'lecturateclado:T0|divfreq:F1|clk1hz'
Slack : 0.403
TNS   : 0.000

Type  : Slow 1200mV 0C Model Hold 'lecturateclado:T0|barrido:R1|filas[0]'
Slack : 0.709
TNS   : 0.000

Type  : Slow 1200mV 0C Model Hold 'asignar:A0|pasignado[0]'
Slack : 0.958
TNS   : 0.000

Type  : Slow 1200mV 0C Model Recovery 'clk'
Slack : -1.399
TNS   : -48.976

Type  : Slow 1200mV 0C Model Removal 'clk'
Slack : 0.947
TNS   : 0.000

Type  : Slow 1200mV 0C Model Minimum Pulse Width 'clk'
Slack : -3.000
TNS   : -169.544

Type  : Slow 1200mV 0C Model Minimum Pulse Width 'divfreq:DF0|clk1hz'
Slack : -1.487
TNS   : -587.371

Type  : Slow 1200mV 0C Model Minimum Pulse Width 'lecturateclado:T0|divfreq:F1|clk1hz'
Slack : -1.487
TNS   : -8.922

Type  : Slow 1200mV 0C Model Minimum Pulse Width 'asignar:A0|pasignado[0]'
Slack : 0.177
TNS   : 0.000

Type  : Slow 1200mV 0C Model Minimum Pulse Width 'lecturateclado:T0|barrido:R1|filas[0]'
Slack : 0.195
TNS   : 0.000

Type  : Slow 1200mV 0C Model Minimum Pulse Width 'message[2]'
Slack : 0.293
TNS   : 0.000

Type  : Fast 1200mV 0C Model Setup 'divfreq:DF0|clk1hz'
Slack : -6.861
TNS   : -1784.928

Type  : Fast 1200mV 0C Model Setup 'clk'
Slack : -2.343
TNS   : -95.584

Type  : Fast 1200mV 0C Model Setup 'message[2]'
Slack : -1.886
TNS   : -270.879

Type  : Fast 1200mV 0C Model Setup 'lecturateclado:T0|barrido:R1|filas[0]'
Slack : -1.792
TNS   : -6.700

Type  : Fast 1200mV 0C Model Setup 'asignar:A0|pasignado[0]'
Slack : -0.900
TNS   : -1.733

Type  : Fast 1200mV 0C Model Setup 'lecturateclado:T0|divfreq:F1|clk1hz'
Slack : 0.290
TNS   : 0.000

Type  : Fast 1200mV 0C Model Hold 'message[2]'
Slack : 0.066
TNS   : 0.000

Type  : Fast 1200mV 0C Model Hold 'divfreq:DF0|clk1hz'
Slack : 0.179
TNS   : 0.000

Type  : Fast 1200mV 0C Model Hold 'clk'
Slack : 0.186
TNS   : 0.000

Type  : Fast 1200mV 0C Model Hold 'lecturateclado:T0|divfreq:F1|clk1hz'
Slack : 0.187
TNS   : 0.000

Type  : Fast 1200mV 0C Model Hold 'lecturateclado:T0|barrido:R1|filas[0]'
Slack : 0.266
TNS   : 0.000

Type  : Fast 1200mV 0C Model Hold 'asignar:A0|pasignado[0]'
Slack : 0.436
TNS   : 0.000

Type  : Fast 1200mV 0C Model Recovery 'clk'
Slack : -0.164
TNS   : -0.980

Type  : Fast 1200mV 0C Model Removal 'clk'
Slack : 0.465
TNS   : 0.000

Type  : Fast 1200mV 0C Model Minimum Pulse Width 'clk'
Slack : -3.000
TNS   : -122.758

Type  : Fast 1200mV 0C Model Minimum Pulse Width 'divfreq:DF0|clk1hz'
Slack : -1.000
TNS   : -395.000

Type  : Fast 1200mV 0C Model Minimum Pulse Width 'lecturateclado:T0|divfreq:F1|clk1hz'
Slack : -1.000
TNS   : -6.000

Type  : Fast 1200mV 0C Model Minimum Pulse Width 'lecturateclado:T0|barrido:R1|filas[0]'
Slack : 0.325
TNS   : 0.000

Type  : Fast 1200mV 0C Model Minimum Pulse Width 'asignar:A0|pasignado[0]'
Slack : 0.373
TNS   : 0.000

Type  : Fast 1200mV 0C Model Minimum Pulse Width 'message[2]'
Slack : 0.408
TNS   : 0.000

------------------------------------------------------------
